// Jest Snapshot v1, https://goo.gl/fbAQLP

exports[`c8 merges reports from subprocesses together 1`] = `
",first

second

--------------------|----------|----------|----------|----------|-------------------|
File                |  % Stmts | % Branch |  % Funcs |  % Lines | Uncovered Line #s |
--------------------|----------|----------|----------|----------|-------------------|
All files           |    94.97 |    72.22 |        0 |    94.97 |                   |
 bin                |    87.76 |     62.5 |      100 |    87.76 |                   |
  c8.js             |    87.76 |     62.5 |      100 |    87.76 | 35,39,46,47,48,49 |
 lib                |    96.62 |    62.07 |      100 |    96.62 |                   |
  parse-args.js     |    97.47 |    44.44 |      100 |    97.47 |             55,56 |
  report.js         |    96.09 |       70 |      100 |    96.09 |    56,57,95,96,97 |
 test/fixtures      |    95.16 |    94.12 |        0 |    95.16 |                   |
  async.js          |      100 |      100 |      100 |      100 |                   |
  multiple-spawn.js |      100 |      100 |      100 |      100 |                   |
  normal.js         |    85.71 |       75 |        0 |    85.71 |          14,15,16 |
  subprocess.js     |      100 |      100 |      100 |      100 |                   |
--------------------|----------|----------|----------|----------|-------------------|
,"
`;

exports[`c8 reports coverage for script that exits normally 1`] = `
",hey
i am a line of code
what
hey
what
hey
what
hey
-----------|----------|----------|----------|----------|-------------------|
File       |  % Stmts | % Branch |  % Funcs |  % Lines | Uncovered Line #s |
-----------|----------|----------|----------|----------|-------------------|
All files  |    91.18 |    88.89 |        0 |    91.18 |                   |
 async.js  |      100 |      100 |      100 |      100 |                   |
 normal.js |    85.71 |       75 |        0 |    85.71 |          14,15,16 |
-----------|----------|----------|----------|----------|-------------------|
,"
`;
