// Jest Snapshot v1, https://goo.gl/fbAQLP

exports[`ensure valid json 1`] = `
Object {
  "100": false,
  "all": false,
  "allow-external": false,
  "branches": 82,
  "check-coverage": false,
  "clean": true,
  "config": ".\\\\.nycrc",
  "exclude": Array [
    "coverage/**",
    "packages/*/test{,s}/**",
    "**/*.d.ts",
    "test{,s}/**",
    "test{,-*}.{js,cjs,mjs,ts,tsx,jsx}",
    "**/*{.,-}test.{js,cjs,mjs,ts,tsx,jsx}",
    "**/__tests__/**",
    "**/{ava,babel,nyc}.config.{js,cjs,mjs}",
    "**/jest.config.{js,cjs,mjs,ts}",
    "**/{karma,rollup,webpack}.config.js",
    "**/.{eslint,mocha}rc.{js,cjs}",
  ],
  "exclude-after-remap": false,
  "exclude-node-modules": true,
  "extension": Array [
    ".js",
    ".cjs",
    ".mjs",
    ".ts",
    ".tsx",
    ".jsx",
  ],
  "functions": 0,
  "include": Array [],
  "lines": 95,
  "merge-async": false,
  "omit-relative": true,
  "per-file": false,
  "print-config": true,
  "print-config-format": "json",
  "report-dir": "./coverage",
  "reporter": Array [
    "html",
    "text",
  ],
  "reports-dir": "./coverage",
  "resolve": "",
  "skip-full": false,
  "statements": 95,
  "temp-directory": ".\\\\coverage\\\\tmp",
}
`;
